// Jest Snapshot v1, https://goo.gl/fbAQLP

exports[`App renders correctly 1`] = `
<div
  className="app"
>
  <h1>
    0
  </h1>
  <div
    className="control-board"
  >
    <button
      onClick={[Function]}
    >
      Up
    </button>
    <button
      onClick={[Function]}
    >
      Down
    </button>
  </div>
</div>
`;
